2026-06-10 23:47:25,479 - INFO - Creating vendor Summary Table.....
2026-06-10 23:48:23,820 - INFO -    VendorNumber                   VendorName  ...  TotalExciseTax FreightCost
0          1128  BROWN-FORMAN CORP            ...       260999.20    68601.68
1          4425        MARTIGNETTI COMPANIES  ...       294438.66   144929.24
2         17035  PERNOD RICARD USA            ...       343854.07   123780.22
3          3960  DIAGEO NORTH AMERICA INC     ...       368242.80   257032.07
4          3960  DIAGEO NORTH AMERICA INC     ...       249587.83   257032.07

[5 rows x 14 columns]
2026-06-10 23:48:23,903 - INFO - Cleaning Data....
2026-06-10 23:49:43,610 - INFO - Creating vendor Summary Table.....
2026-06-10 23:49:47,594 - INFO -    VendorNumber                   VendorName  ...  TotalExciseTax FreightCost
0          1128  BROWN-FORMAN CORP            ...       260999.20    68601.68
1          4425        MARTIGNETTI COMPANIES  ...       294438.66   144929.24
2         17035  PERNOD RICARD USA            ...       343854.07   123780.22
3          3960  DIAGEO NORTH AMERICA INC     ...       368242.80   257032.07
4          3960  DIAGEO NORTH AMERICA INC     ...       249587.83   257032.07

[5 rows x 14 columns]
2026-06-10 23:49:47,608 - INFO - Cleaning Data....
2026-06-10 23:57:23,258 - INFO - Creating vendor Summary Table.....
2026-06-10 23:57:27,181 - INFO -    VendorNumber                   VendorName  ...  TotalExciseTax FreightCost
0          1128  BROWN-FORMAN CORP            ...       260999.20    68601.68
1          4425        MARTIGNETTI COMPANIES  ...       294438.66   144929.24
2         17035  PERNOD RICARD USA            ...       343854.07   123780.22
3          3960  DIAGEO NORTH AMERICA INC     ...       368242.80   257032.07
4          3960  DIAGEO NORTH AMERICA INC     ...       249587.83   257032.07

[5 rows x 14 columns]
2026-06-10 23:57:27,195 - INFO - Cleaning Data....
2026-06-10 23:57:27,240 - INFO -    VendorNumber  ... SalestoPurchaseRatio
0          1128  ...             1.338647
1          4425  ...             1.266830
2         17035  ...             1.327594
3          3960  ...             1.372493
4          3960  ...             1.396897

[5 rows x 18 columns]
2026-06-10 23:57:27,282 - INFO - Ingesting data.....
2026-06-10 23:57:27,387 - INFO - Completed
2026-06-10 23:58:36,145 - INFO - Creating vendor Summary Table.....
2026-06-10 23:58:40,003 - INFO -    VendorNumber                   VendorName  ...  TotalExciseTax FreightCost
0          1128  BROWN-FORMAN CORP            ...       260999.20    68601.68
1          4425        MARTIGNETTI COMPANIES  ...       294438.66   144929.24
2         17035  PERNOD RICARD USA            ...       343854.07   123780.22
3          3960  DIAGEO NORTH AMERICA INC     ...       368242.80   257032.07
4          3960  DIAGEO NORTH AMERICA INC     ...       249587.83   257032.07

[5 rows x 14 columns]
2026-06-10 23:58:40,025 - INFO - Cleaning Data....
2026-06-10 23:58:40,049 - INFO -    VendorNumber  ... SalestoPurchaseRatio
0          1128  ...             1.338647
1          4425  ...             1.266830
2         17035  ...             1.327594
3          3960  ...             1.372493
4          3960  ...             1.396897

[5 rows x 18 columns]
2026-06-10 23:58:40,064 - INFO - Ingesting data.....
2026-06-10 23:58:40,113 - INFO - Completed
